
> tikprofil-v2@0.1.0 build
> next build

node.exe :  ÔÜá Warning: Next.js inf
erred your workspace root, but it ma
y not be correct.
At line:1 char:1
+ & "C:\Program Files\nodejs/node.ex
e" "C:\Program Files\nodejs/node_mo 
...
+ ~~~~~~~~~~~~~~~~~~~~~~~~~~~~~~~~~~
~~~~~~~~~~~~~~~~~~~~~~~~~~~~~~~~~~~
    + CategoryInfo          : NotSp 
   ecified: ( ÔÜá Warning: N...not  
   be correct.:String) [], Remote   
 Exception
    + FullyQualifiedErrorId : Nativ 
   eCommandError
 
 We detected multiple lockfiles and 
selected the directory of C:\Users\w
ebin\package-lock.json as the root d
irectory.
 To silence this warning, set `outpu
tFileTracingRoot` in your Next.js co
nfig, or consider removing one of th
e lockfiles if it's not needed.
   See https://nextjs.org/docs/app/a
pi-reference/config/next-config-js/o
utput#caveats for more information.
 Detected additional lockfiles: 
   * C:\Users\webin\.gemini\antigrav
ity\scratch\tikprofil-v2\package-loc
k.json

   Ôû▓ Next.js 15.5.9
   - Environments: .env.local
   - Experiments (use with caution):
     ┬À optimizePackageImports

   Creating an optimized production build ...
Failed to compile.

./src/app/panel/ecommerce/analytics/
page.tsx
Module not found: Can't resolve '@/c
ontext/ThemeContext'

https://nextjs.org/docs/messages/mod
ule-not-found

./src/app/panel/ecommerce/categories
/page.tsx
Module not found: Can't resolve '@/c
ontext/ThemeContext'

https://nextjs.org/docs/messages/mod
ule-not-found

./src/app/panel/ecommerce/coupons/pa
ge.tsx
Module not found: Can't resolve '@/c
ontext/ThemeContext'

https://nextjs.org/docs/messages/mod
ule-not-found

./src/app/panel/ecommerce/customers/
page.tsx
Module not found: Can't resolve '@/c
ontext/ThemeContext'

https://nextjs.org/docs/messages/mod
ule-not-found

./src/app/panel/ecommerce/orders/pag
e.tsx
Module not found: Can't resolve '@/c
ontext/ThemeContext'

https://nextjs.org/docs/messages/mod
ule-not-found


> Build failed because of webpack er
rors
